// Jest Snapshot v1, https://goo.gl/fbAQLP

exports[`renders correctly 1`] = `
<View
  style={
    Object {
      "alignItems": "center",
      "flex": 1,
      "flexDirection": "column",
      "justifyContent": "center",
    }
  }
>
  <ActivityIndicator
    animating={true}
    color="#000000"
    hidesWhenStopped={true}
    size="large"
  />
  <Text>
    Загрузка...
  </Text>
</View>
`;
